// Jest Snapshot v1, https://goo.gl/fbAQLP

exports[`render home page to match snapshot 1`] = `
<div
  className="container-fluid d-flex py-5 justify-content-center px-4 align-content-center "
>
  <div
    className="flex-fill"
  >
    <h4>
      Let us do the math!
    </h4>
  </div>
  <div
    className="flex-fill justify-content-center border border-2 border-dark py-3"
  >
    <div
      className="text-center mx-auto d-grid my-3 w-100 calculator-container "
    >
      <p
        className="text-end border border-0 mx-0 fw-bold text-white input-text my-0"
        type="text"
      />
      <div
        className="row row-cols-4 my-0 mb-1 g-1 justify-content-around mx-0"
      >
        <div
          className="col"
        >
          <button
            className="btn col-3 rounded-0 w-100"
            onClick={[Function]}
            type="button"
          >
            AC
          </button>
        </div>
        <div
          className="col"
        >
          <button
            className="btn col-3 rounded-0 w-100"
            onClick={[Function]}
            type="button"
          >
            +/-
          </button>
        </div>
        <div
          className="col"
        >
          <button
            className="btn col-3 rounded-0 w-100"
            onClick={[Function]}
            type="button"
          >
            %
          </button>
        </div>
        <div
          className="col"
        >
          <button
            className="btn col-3 rounded-0 w-100 bg-wa operation"
            onClick={[Function]}
            type="button"
          >
            รท
          </button>
        </div>
        <div
          className="col"
        >
          <button
            className="btn col-3 rounded-0 w-100"
            onClick={[Function]}
            type="button"
          >
            7
          </button>
        </div>
        <div
          className="col"
        >
          <button
            className="btn col-3 rounded-0 w-100"
            onClick={[Function]}
            type="button"
          >
            8
          </button>
        </div>
        <div
          className="col"
        >
          <button
            className="btn col-3 rounded-0 w-100"
            onClick={[Function]}
            type="button"
          >
            9
          </button>
        </div>
        <div
          className="col"
        >
          <button
            className="btn col-3 rounded-0 w-100 bg-wa operation"
            onClick={[Function]}
            type="button"
          >
            x
          </button>
        </div>
        <div
          className="col"
        >
          <button
            className="btn col-3 rounded-0 w-100"
            onClick={[Function]}
            type="button"
          >
            4
          </button>
        </div>
        <div
          className="col"
        >
          <button
            className="btn col-3 rounded-0 w-100"
            onClick={[Function]}
            type="button"
          >
            5
          </button>
        </div>
        <div
          className="col"
        >
          <button
            className="btn col-3 rounded-0 w-100"
            onClick={[Function]}
            type="button"
          >
            6
          </button>
        </div>
        <div
          className="col"
        >
          <button
            className="btn col-3 rounded-0 w-100 operation"
            onClick={[Function]}
            type="button"
          >
            -
          </button>
        </div>
        <div
          className="col"
        >
          <button
            className="btn col-3 rounded-0 w-100"
            onClick={[Function]}
            type="button"
          >
            1
          </button>
        </div>
        <div
          className="col"
        >
          <button
            className="btn col-3 rounded-0 w-100"
            onClick={[Function]}
            type="button"
          >
            2
          </button>
        </div>
        <div
          className="col"
        >
          <button
            className="btn col-3 rounded-0 w-100"
            onClick={[Function]}
            type="button"
          >
            3
          </button>
        </div>
        <div
          className="col"
        >
          <button
            className="btn col-3 rounded-0 w-100 operation"
            onClick={[Function]}
            type="button"
          >
            +
          </button>
        </div>
        <div
          className="col-6"
        >
          <button
            className="btn col-3 rounded-0 w-100"
            onClick={[Function]}
            type="button"
          >
            0
          </button>
        </div>
        <div
          className="col"
        >
          <button
            className="btn col-3 rounded-0 w-100"
            onClick={[Function]}
            type="button"
          >
            .
          </button>
        </div>
        <div
          className="col"
        >
          <button
            className="btn col-3 rounded-0 w-100 operation"
            onClick={[Function]}
            type="button"
          >
            =
          </button>
        </div>
      </div>
    </div>
  </div>
</div>
`;
