// Jest Snapshot v1, https://goo.gl/fbAQLP

exports[`render home page to match snapshot 1`] = `
<nav
  className=" d-flex justify-content-end align-content-center gap-2 container-fluid py-3 pe-5"
>
  <div
    className="container-fluid "
  >
    <h1>
      Math Magician!
    </h1>
  </div>
  <a
    className="text-decoration-none border-end border-2 border-dark px-2  my-auto"
    href="/"
    onClick={[Function]}
  >
    Home
  </a>
  <a
    className="text-decoration-none border-end border-2 border-dark px-2  my-auto "
    href="/calculator"
    onClick={[Function]}
  >
    Calculator
  </a>
  <a
    className="text-decoration-none   my-auto "
    href="/qoute"
    onClick={[Function]}
  >
    Quote
  </a>
</nav>
`;
